// Jest Snapshot v1, https://goo.gl/fbAQLP

exports[`MatchSnap 1`] = `
<input
  onChange={[Function]}
/>
`;
